// Jest Snapshot v1, https://jestjs.io/docs/snapshot-testing

exports[`SoilPenetrationResistanceCompare Snapshot matches the snapshot 1`] = `null`;
